// Jest Snapshot v1, https://goo.gl/fbAQLP

exports[`Radar component renders correctly 1`] = `
<body>
  <div>
    <svg
      height="1000"
      style="background-color: rgb(255, 255, 255);"
      width="1450"
    >
      <g
        transform="translate(725,500)"
      >
        <g>
          <line
            style="stroke: #bbb; stroke-width: 1;"
            x1="0"
            x2="0"
            y1="-400"
            y2="400"
          />
          <line
            style="stroke: #bbb; stroke-width: 1;"
            x1="-400"
            x2="400"
            y1="0"
            y2="0"
          />
          <defs>
            <filter
              height="1"
              id="solid"
              width="1"
              x="0"
              y="0"
            >
              <feflood
                flood-color="rgb(0, 0, 0, 0.8)"
              />
              <fecomposite
                in="SourceGraphic"
              />
            </filter>
          </defs>
          <circle
            cx="0"
            cy="0"
            r="130"
            style="fill: none; stroke: #bbb; stroke-width: 1;"
          />
          <text
            style="fill: #e5e5e5; font-family: Arial, Helvetica; font-size: 42px; font-weight: bold; pointer-events: none; user-select: none;"
            text-anchor="middle"
            y="-68"
          >
            Prototype
          </text>
          <circle
            cx="0"
            cy="0"
            r="220"
            style="fill: none; stroke: #bbb; stroke-width: 1;"
          />
          <text
            style="fill: #e5e5e5; font-family: Arial, Helvetica; font-size: 42px; font-weight: bold; pointer-events: none; user-select: none;"
            text-anchor="middle"
            y="-158"
          >
            MVP
          </text>
          <circle
            cx="0"
            cy="0"
            r="310"
            style="fill: none; stroke: #bbb; stroke-width: 1;"
          />
          <text
            style="fill: #e5e5e5; font-family: Arial, Helvetica; font-size: 42px; font-weight: bold; pointer-events: none; user-select: none;"
            text-anchor="middle"
            y="-248"
          >
            PMF/Scaling
          </text>
        </g>
        <text
          style="font-family: Arial, Helvetica; font-size: 34px;"
          transform="translate(-675,-420)"
        >
          Boldare Radar
        </text>
        <text
          space="preserve"
          style="font-family: Arial, Helvetica; font-size: 10px;"
          transform="translate(-675,420)"
        >
          ▲ moved up     ▼ moved down
        </text>
        <g>
          <text
            style="font-family: Arial, Helvetica; font-size: 18px;"
            transform="translate(450,45)"
          >
            Techniques
          </text>
          <text
            style="font-family: Arial, Helvetica; font-size: 12px; font-weight: bold;"
            transform="translate(450,74)"
          >
            Prototype
          </text>
          <text
            style="font-family: Arial, Helvetica; font-size: 12px; font-weight: bold;"
            transform="translate(450,110)"
          >
            MVP
          </text>
          <text
            style="font-family: Arial, Helvetica; font-size: 12px; font-weight: bold;"
            transform="translate(570,74)"
          >
            PMF/Scaling
          </text>
          <text
            style="font-family: Arial, Helvetica; font-size: 18px;"
            transform="translate(-675,45)"
          >
            Tools
          </text>
          <text
            style="font-family: Arial, Helvetica; font-size: 12px; font-weight: bold;"
            transform="translate(-675,74)"
          >
            Prototype
          </text>
          <text
            style="font-family: Arial, Helvetica; font-size: 12px; font-weight: bold;"
            transform="translate(-675,110)"
          >
            MVP
          </text>
          <text
            style="font-family: Arial, Helvetica; font-size: 12px; font-weight: bold;"
            transform="translate(-555,74)"
          >
            PMF/Scaling
          </text>
          <a
            href="#"
          >
            <text
              class="legend12"
              id="legendItem3"
              style="font-family: Arial, Helvetica; font-size: 11px;"
              transform="translate(-555,90)"
            >
              3. AWS Athena
            </text>
          </a>
          <a
            href="#"
          >
            <text
              class="legend12"
              id="legendItem4"
              style="font-family: Arial, Helvetica; font-size: 11px;"
              transform="translate(-555,102)"
            >
              4. AWS DynamoDB
            </text>
          </a>
          <a
            href="#"
          >
            <text
              class="legend12"
              id="legendItem5"
              style="font-family: Arial, Helvetica; font-size: 11px;"
              transform="translate(-555,114)"
            >
              5. Google Bigtable
            </text>
          </a>
          <text
            style="font-family: Arial, Helvetica; font-size: 18px;"
            transform="translate(-675,-355)"
          >
            Platforms & Services
          </text>
          <text
            style="font-family: Arial, Helvetica; font-size: 12px; font-weight: bold;"
            transform="translate(-675,-326)"
          >
            Prototype
          </text>
          <text
            style="font-family: Arial, Helvetica; font-size: 12px; font-weight: bold;"
            transform="translate(-675,-290)"
          >
            MVP
          </text>
          <text
            style="font-family: Arial, Helvetica; font-size: 12px; font-weight: bold;"
            transform="translate(-555,-326)"
          >
            PMF/Scaling
          </text>
          <text
            style="font-family: Arial, Helvetica; font-size: 18px;"
            transform="translate(450,-355)"
          >
            Frameworks
          </text>
          <text
            style="font-family: Arial, Helvetica; font-size: 12px; font-weight: bold;"
            transform="translate(450,-326)"
          >
            Prototype
          </text>
          <text
            style="font-family: Arial, Helvetica; font-size: 12px; font-weight: bold;"
            transform="translate(450,-290)"
          >
            MVP
          </text>
          <text
            style="font-family: Arial, Helvetica; font-size: 12px; font-weight: bold;"
            transform="translate(570,-326)"
          >
            PMF/Scaling
          </text>
          <a
            href="#"
          >
            <text
              class="legend32"
              id="legendItem1"
              style="font-family: Arial, Helvetica; font-size: 11px;"
              transform="translate(570,-310)"
            >
              1. Airflow
            </text>
          </a>
          <a
            href="#"
          >
            <text
              class="legend32"
              id="legendItem2"
              style="font-family: Arial, Helvetica; font-size: 11px;"
              transform="translate(570,-298)"
            >
              2. Nginx
            </text>
          </a>
        </g>
        <g
          id="rink"
        >
          <g
            class="blip"
            transform="translate(-555,90)"
          >
            <circle
              fill="#fbdb84"
              r="9"
            />
            <text
              style="fill: #fff; font-family: Arial, Helvetica; font-size: 9px; pointer-events: none; user-select: none;"
              text-anchor="middle"
              y="3"
            >
              3
            </text>
          </g>
          <g
            class="blip"
            transform="translate(-555,102)"
          >
            <circle
              fill="#fbdb84"
              r="9"
            />
            <text
              style="fill: #fff; font-family: Arial, Helvetica; font-size: 9px; pointer-events: none; user-select: none;"
              text-anchor="middle"
              y="3"
            >
              5
            </text>
          </g>
          <g
            class="blip"
            transform="translate(570,-286)"
          >
            <circle
              fill="#fbdb84"
              r="9"
            />
            <text
              style="fill: #fff; font-family: Arial, Helvetica; font-size: 9px; pointer-events: none; user-select: none;"
              text-anchor="middle"
              y="3"
            >
              1
            </text>
          </g>
          <g
            class="blip"
            transform="translate(-555,126)"
          >
            <circle
              fill="#fbdb84"
              r="9"
            />
            <text
              style="fill: #fff; font-family: Arial, Helvetica; font-size: 9px; pointer-events: none; user-select: none;"
              text-anchor="middle"
              y="3"
            >
              4
            </text>
          </g>
          <g
            class="blip"
            transform="translate(570,-262)"
          >
            <circle
              fill="#fbdb84"
              r="9"
            />
            <text
              style="fill: #fff; font-family: Arial, Helvetica; font-size: 9px; pointer-events: none; user-select: none;"
              text-anchor="middle"
              y="3"
            >
              2
            </text>
          </g>
        </g>
        <g
          id="bubble"
          style="opacity: 0; pointer-events: none; user-select: none;"
          x="0"
          y="0"
        >
          <rect
            rx="4"
            ry="4"
            style="fill: #333;"
          />
          <text
            style="font-family: sans-serif; font-size: 10px; fill: #fff;"
          />
          <path
            d="M 0,0 10,0 5,8 z"
            style="fill: #333;"
          />
        </g>
      </g>
    </svg>
  </div>
</body>
`;
